Archive member included to satisfy reference by file (symbol)

C:/ST/STM32CubeIDE_1.16.1/STM32CubeIDE/plugins/com.st.stm32cube.ide.mcu.externaltools.gnu-tools-for-stm32.12.3.rel1.win32_1.0.200.202406191623/tools/bin/../lib/gcc/arm-none-eabi/12.3.1/../../../../arm-none-eabi/lib/thumb/v7e-m+fp/hard\libc_nano.a(libc_a-exit.o)
                              C:/ST/STM32CubeIDE_1.16.1/STM32CubeIDE/plugins/com.st.stm32cube.ide.mcu.externaltools.gnu-tools-for-stm32.12.3.rel1.win32_1.0.200.202406191623/tools/bin/../lib/gcc/arm-none-eabi/12.3.1/../../../../arm-none-eabi/lib/thumb/v7e-m+fp/hard/crt0.o (exit)
C:/ST/STM32CubeIDE_1.16.1/STM32CubeIDE/plugins/com.st.stm32cube.ide.mcu.externaltools.gnu-tools-for-stm32.12.3.rel1.win32_1.0.200.202406191623/tools/bin/../lib/gcc/arm-none-eabi/12.3.1/../../../../arm-none-eabi/lib/thumb/v7e-m+fp/hard\libc_nano.a(libc_a-findfp.o)
                              C:/ST/STM32CubeIDE_1.16.1/STM32CubeIDE/plugins/com.st.stm32cube.ide.mcu.externaltools.gnu-tools-for-stm32.12.3.rel1.win32_1.0.200.202406191623/tools/bin/../lib/gcc/arm-none-eabi/12.3.1/../../../../arm-none-eabi/lib/thumb/v7e-m+fp/hard\libc_nano.a(libc_a-exit.o) (__stdio_exit_handler)
C:/ST/STM32CubeIDE_1.16.1/STM32CubeIDE/plugins/com.st.stm32cube.ide.mcu.externaltools.gnu-tools-for-stm32.12.3.rel1.win32_1.0.200.202406191623/tools/bin/../lib/gcc/arm-none-eabi/12.3.1/../../../../arm-none-eabi/lib/thumb/v7e-m+fp/hard\libc_nano.a(libc_a-fwalk.o)
                              C:/ST/STM32CubeIDE_1.16.1/STM32CubeIDE/plugins/com.st.stm32cube.ide.mcu.externaltools.gnu-tools-for-stm32.12.3.rel1.win32_1.0.200.202406191623/tools/bin/../lib/gcc/arm-none-eabi/12.3.1/../../../../arm-none-eabi/lib/thumb/v7e-m+fp/hard\libc_nano.a(libc_a-findfp.o) (_fwalk_sglue)
C:/ST/STM32CubeIDE_1.16.1/STM32CubeIDE/plugins/com.st.stm32cube.ide.mcu.externaltools.gnu-tools-for-stm32.12.3.rel1.win32_1.0.200.202406191623/tools/bin/../lib/gcc/arm-none-eabi/12.3.1/../../../../arm-none-eabi/lib/thumb/v7e-m+fp/hard\libc_nano.a(libc_a-stdio.o)
                              C:/ST/STM32CubeIDE_1.16.1/STM32CubeIDE/plugins/com.st.stm32cube.ide.mcu.externaltools.gnu-tools-for-stm32.12.3.rel1.win32_1.0.200.202406191623/tools/bin/../lib/gcc/arm-none-eabi/12.3.1/../../../../arm-none-eabi/lib/thumb/v7e-m+fp/hard\libc_nano.a(libc_a-findfp.o) (__sread)
C:/ST/STM32CubeIDE_1.16.1/STM32CubeIDE/plugins/com.st.stm32cube.ide.mcu.externaltools.gnu-tools-for-stm32.12.3.rel1.win32_1.0.200.202406191623/tools/bin/../lib/gcc/arm-none-eabi/12.3.1/../../../../arm-none-eabi/lib/thumb/v7e-m+fp/hard\libc_nano.a(libc_a-memset.o)
                              C:/ST/STM32CubeIDE_1.16.1/STM32CubeIDE/plugins/com.st.stm32cube.ide.mcu.externaltools.gnu-tools-for-stm32.12.3.rel1.win32_1.0.200.202406191623/tools/bin/../lib/gcc/arm-none-eabi/12.3.1/../../../../arm-none-eabi/lib/thumb/v7e-m+fp/hard/crt0.o (memset)
C:/ST/STM32CubeIDE_1.16.1/STM32CubeIDE/plugins/com.st.stm32cube.ide.mcu.externaltools.gnu-tools-for-stm32.12.3.rel1.win32_1.0.200.202406191623/tools/bin/../lib/gcc/arm-none-eabi/12.3.1/../../../../arm-none-eabi/lib/thumb/v7e-m+fp/hard\libc_nano.a(libc_a-closer.o)
                              C:/ST/STM32CubeIDE_1.16.1/STM32CubeIDE/plugins/com.st.stm32cube.ide.mcu.externaltools.gnu-tools-for-stm32.12.3.rel1.win32_1.0.200.202406191623/tools/bin/../lib/gcc/arm-none-eabi/12.3.1/../../../../arm-none-eabi/lib/thumb/v7e-m+fp/hard\libc_nano.a(libc_a-stdio.o) (_close_r)
C:/ST/STM32CubeIDE_1.16.1/STM32CubeIDE/plugins/com.st.stm32cube.ide.mcu.externaltools.gnu-tools-for-stm32.12.3.rel1.win32_1.0.200.202406191623/tools/bin/../lib/gcc/arm-none-eabi/12.3.1/../../../../arm-none-eabi/lib/thumb/v7e-m+fp/hard\libc_nano.a(libc_a-reent.o)
                              C:/ST/STM32CubeIDE_1.16.1/STM32CubeIDE/plugins/com.st.stm32cube.ide.mcu.externaltools.gnu-tools-for-stm32.12.3.rel1.win32_1.0.200.202406191623/tools/bin/../lib/gcc/arm-none-eabi/12.3.1/../../../../arm-none-eabi/lib/thumb/v7e-m+fp/hard\libc_nano.a(libc_a-closer.o) (errno)
C:/ST/STM32CubeIDE_1.16.1/STM32CubeIDE/plugins/com.st.stm32cube.ide.mcu.externaltools.gnu-tools-for-stm32.12.3.rel1.win32_1.0.200.202406191623/tools/bin/../lib/gcc/arm-none-eabi/12.3.1/../../../../arm-none-eabi/lib/thumb/v7e-m+fp/hard\libc_nano.a(libc_a-impure.o)
                              C:/ST/STM32CubeIDE_1.16.1/STM32CubeIDE/plugins/com.st.stm32cube.ide.mcu.externaltools.gnu-tools-for-stm32.12.3.rel1.win32_1.0.200.202406191623/tools/bin/../lib/gcc/arm-none-eabi/12.3.1/../../../../arm-none-eabi/lib/thumb/v7e-m+fp/hard\libc_nano.a(libc_a-reent.o) (_impure_ptr)
C:/ST/STM32CubeIDE_1.16.1/STM32CubeIDE/plugins/com.st.stm32cube.ide.mcu.externaltools.gnu-tools-for-stm32.12.3.rel1.win32_1.0.200.202406191623/tools/bin/../lib/gcc/arm-none-eabi/12.3.1/../../../../arm-none-eabi/lib/thumb/v7e-m+fp/hard\libc_nano.a(libc_a-lseekr.o)
[...]
Memory Configuration

Name             Origin             Length             Attributes
RAM              0x20000000         0x00010000         xrw
FLASH            0x08000000         0x00040000         xr
*default*        0x00000000         0xffffffff

Linker script and memory map

LOAD C:/ST/STM32CubeIDE_1.16.1/STM32CubeIDE/plugins/com.st.stm32cube.ide.mcu.externaltools.gnu-tools-for-stm32.12.3.rel1.win32_1.0.200.202406191623/tools/bin/../lib/gcc/arm-none-eabi/12.3.1/thumb/v7e-m+fp/hard/crti.o
LOAD C:/ST/STM32CubeIDE_1.16.1/STM32CubeIDE/plugins/com.st.stm32cube.ide.mcu.externaltools.gnu-tools-for-stm32.12.3.rel1.win32_1.0.200.202406191623/tools/bin/../lib/gcc/arm-none-eabi/12.3.1/thumb/v7e-m+fp/hard/crtbegin.o
LOAD C:/ST/STM32CubeIDE_1.16.1/STM32CubeIDE/plugins/com.st.stm32cube.ide.mcu.externaltools.gnu-tools-for-stm32.12.3.rel1.win32_1.0.200.202406191623/tools/bin/../lib/gcc/arm-none-eabi/12.3.1/../../../../arm-none-eabi/lib/thumb/v7e-m+fp/hard/crt0.o
LOAD ./Core/Src/main.o
LOAD ./Core/Src/stm32f4xx_hal_msp.o
LOAD ./Core/Src/stm32f4xx_hal_timebase_tim.o
LOAD ./Core/Src/stm32f4xx_it.o
LOAD ./Core/Src/syscalls.o
LOAD ./Core/Src/sysmem.o
LOAD ./Core/Src/system_stm32f4xx.o
LOAD ./Core/Startup/startup_stm32f401rctx.o
LOAD ./Drivers/FreeRTOS/croutine.o
LOAD ./Drivers/FreeRTOS/event_groups.o
LOAD ./Drivers/FreeRTOS/list.o
LOAD ./Drivers/FreeRTOS/queue.o
LOAD ./Drivers/FreeRTOS/tasks.o
LOAD ./Drivers/FreeRTOS/timers.o
LOAD ./Drivers/FreeRTOS/portable/GCC/ARM_CM4F/port.o
LOAD ./Drivers/FreeRTOS/portable/MemMang/heap_4.o
LOAD ./Drivers/HAL/Src/KPD_program.o
LOAD ./Drivers/HAL/Src/LED_program.o
LOAD ./Drivers/HAL/Src/SSD_program.o
LOAD ./Drivers/STM32F4xx_HAL_Driver/Src/stm32f4xx_hal.o
LOAD ./Drivers/STM32F4xx_HAL_Driver/Src/stm32f4xx_hal_cortex.o
LOAD ./Drivers/STM32F4xx_HAL_Driver/Src/stm32f4xx_hal_dma.o
LOAD ./Drivers/STM32F4xx_HAL_Driver/Src/stm32f4xx_hal_dma_ex.o
LOAD ./Drivers/STM32F4xx_HAL_Driver/Src/stm32f4xx_hal_exti.o
LOAD ./Drivers/STM32F4xx_HAL_Driver/Src/stm32f4xx_hal_flash.o
LOAD ./Drivers/STM32F4xx_HAL_Driver/Src/stm32f4xx_hal_flash_ex.o
LOAD ./Drivers/STM32F4xx_HAL_Driver/Src/stm32f4xx_hal_flash_ramfunc.o
LOAD ./Drivers/STM32F4xx_HAL_Driver/Src/stm32f4xx_hal_gpio.o
LOAD ./Drivers/STM32F4xx_HAL_Driver/Src/stm32f4xx_hal_pwr.o
LOAD ./Drivers/STM32F4xx_HAL_Driver/Src/stm32f4xx_hal_pwr_ex.o
LOAD ./Drivers/STM32F4xx_HAL_Driver/Src/stm32f4xx_hal_rcc.o
LOAD ./Drivers/STM32F4xx_HAL_Driver/Src/stm32f4xx_hal_rcc_ex.o
LOAD ./Drivers/STM32F4xx_HAL_Driver/Src/stm32f4xx_hal_tim.o
LOAD ./Drivers/STM32F4xx_HAL_Driver/Src/stm32f4xx_hal_tim_ex.o
START GROUP
LOAD C:/ST/STM32CubeIDE_1.16.1/STM32CubeIDE/plugins/com.st.stm32cube.ide.mcu.externaltools.gnu-tools-for-stm32.12.3.rel1.win32_1.0.200.202406191623/tools/bin/../lib/gcc/arm-none-eabi/12.3.1/../../../../arm-none-eabi/lib/thumb/v7e-m+fp/hard\libc_nano.a
LOAD C:/ST/STM32CubeIDE_1.16.1/STM32CubeIDE/plugins/com.st.stm32cube.ide.mcu.externaltools.gnu-tools-for-stm32.12.3.rel1.win32_1.0.200.202406191623/tools/bin/../lib/gcc/arm-none-eabi/12.3.1/../../../../arm-none-eabi/lib/thumb/v7e-m+fp/hard\libm.a
END GROUP
START GROUP
LOAD C:/ST/STM32CubeIDE_1.16.1/STM32CubeIDE/plugins/com.st.stm32cube.ide.mcu.externaltools.gnu-tools-for-stm32.12.3.rel1.win32_1.0.200.202406191623/tools/bin/../lib/gcc/arm-none-eabi/12.3.1/thumb/v7e-m+fp/hard\libgcc.a
LOAD C:/ST/STM32CubeIDE_1.16.1/STM32CubeIDE/plugins/com.st.stm32cube.ide.mcu.externaltools.gnu-tools-for-stm32.12.3.rel1.win32_1.0.200.202406191623/tools/bin/../lib/gcc/arm-none-eabi/12.3.1/../../../../arm-none-eabi/lib/thumb/v7e-m+fp/hard\libc_nano.a
END GROUP
START GROUP
LOAD C:/ST/STM32CubeIDE_1.16.1/STM32CubeIDE/plugins/com.st.stm32cube.ide.mcu.externaltools.gnu-tools-for-stm32.12.3.rel1.win32_1.0.200.202406191623/tools/bin/../lib/gcc/arm-none-eabi/12.3.1/thumb/v7e-m+fp/hard\libgcc.a
LOAD C:/ST/STM32CubeIDE_1.16.1/STM32CubeIDE/plugins/com.st.stm32cube.ide.mcu.externaltools.gnu-tools-for-stm32.12.3.rel1.win32_1.0.200.202406191623/tools/bin/../lib/gcc/arm-none-eabi/12.3.1/../../../../arm-none-eabi/lib/thumb/v7e-m+fp/hard\libc_nano.a
LOAD C:/ST/STM32CubeIDE_1.16.1/STM32CubeIDE/plugins/com.st.stm32cube.ide.mcu.externaltools.gnu-tools-for-stm32.12.3.rel1.win32_1.0.200.202406191623/tools/bin/../lib/gcc/arm-none-eabi/12.3.1/../../../../arm-none-eabi/lib/thumb/v7e-m+fp/hard\libnosys.a
END GROUP
START GROUP
LOAD C:/ST/STM32CubeIDE_1.16.1/STM32CubeIDE/plugins/com.st.stm32cube.ide.mcu.externaltools.gnu-tools-for-stm32.12.3.rel1.win32_1.0.200.202406191623/tools/bin/../lib/gcc/arm-none-eabi/12.3.1/thumb/v7e-m+fp/hard\libgcc.a
LOAD C:/ST/STM32CubeIDE_1.16.1/STM32CubeIDE/plugins/com.st.stm32cube.ide.mcu.externaltools.gnu-tools-for-stm32.12.3.rel1.win32_1.0.200.202406191623/tools/bin/../lib/gcc/arm-none-eabi/12.3.1/../../../../arm-none-eabi/lib/thumb/v7e-m+fp/hard\libc_nano.a
LOAD C:/ST/STM32CubeIDE_1.16.1/STM32CubeIDE/plugins/com.st.stm32cube.ide.mcu.externaltools.gnu-tools-for-stm32.12.3.rel1.win32_1.0.200.202406191623/tools/bin/../lib/gcc/arm-none-eabi/12.3.1/../../../../arm-none-eabi/lib/thumb/v7e-m+fp/hard\libnosys.a
END GROUP
LOAD C:/ST/STM32CubeIDE_1.16.1/STM32CubeIDE/plugins/com.st.stm32cube.ide.mcu.externaltools.gnu-tools-for-stm32.12.3.rel1.win32_1.0.200.202406191623/tools/bin/../lib/gcc/arm-none-eabi/12.3.1/thumb/v7e-m+fp/hard/crtend.o
LOAD C:/ST/STM32CubeIDE_1.16.1/STM32CubeIDE/plugins/com.st.stm32cube.ide.mcu.externaltools.gnu-tools-for-stm32.12.3.rel1.win32_1.0.200.202406191623/tools/bin/../lib/gcc/arm-none-eabi/12.3.1/thumb/v7e-m+fp/hard/crtn.o
                0x20010000                        _estack = (ORIGIN (RAM) + LENGTH (RAM))
                0x00000200                        _Min_Heap_Size = 0x200
                0x00000400                        _Min_Stack_Size = 0x400

.isr_vector     0x08000000      0x194
                0x08000000                        . = ALIGN (0x4)
 *(.isr_vector)
 .isr_vector    0x08000000      0x194 ./Core/Startup/startup_stm32f401rctx.o
                0x08000000                g_pfnVectors
                0x08000194                        . = ALIGN (0x4)

.text           0x080001a0     0x4950
                0x080001a0                        . = ALIGN (0x4)
 *(.text)
 .text          0x080001a0       0x40 C:/ST/STM32CubeIDE_1.16.1/STM32CubeIDE/plugins/com.st.stm32cube.ide.mcu.externaltools.gnu-tools-for-stm32.12.3.rel1.win32_1.0.200.202406191623/tools/bin/../lib/gcc/arm-none-eabi/12.3.1/thumb/v7e-m+fp/hard/crtbegin.o
 .text          0x080001e0       0x30 C:/ST/STM32CubeIDE_1.16.1/STM32CubeIDE/plugins/com.st.stm32cube.ide.mcu.externaltools.gnu-tools-for-stm32.12.3.rel1.win32_1.0.200.202406191623/tools/bin/../lib/gcc/arm-none-eabi/12.3.1/thumb/v7e-m+fp/hard\libgcc.a(_aeabi_uldivmod.o)
                0x080001e0                __aeabi_uldivmod
 .text          0x08000210      0x2bc C:/ST/STM32CubeIDE_1.16.1/STM32CubeIDE/plugins/com.st.stm32cube.ide.mcu.externaltools.gnu-tools-for-stm32.12.3.rel1.win32_1.0.200.202406191623/tools/bin/../lib/gcc/arm-none-eabi/12.3.1/thumb/v7e-m+fp/hard\libgcc.a(_udivmoddi4.o)
                0x08000210                __udivmoddi4
 .text          0x080004cc        0x4 C:/ST/STM32CubeIDE_1.16.1/STM32CubeIDE/plugins/com.st.stm32cube.ide.mcu.externaltools.gnu-tools-for-stm32.12.3.rel1.win32_1.0.200.202406191623/tools/bin/../lib/gcc/arm-none-eabi/12.3.1/thumb/v7e-m+fp/hard\libgcc.a(_dvmd_tls.o)
                0x080004cc                __aeabi_idiv0
                0x080004cc                __aeabi_ldiv0
 *(.text*)
 .text.main     0x080004d0       0x90 ./Core/Src/main.o
                0x080004d0                main
 .text.SystemClock_Config
                0x08000560       0xc0 ./Core/Src/main.o
                0x08000560                SystemClock_Config
 .text.vTrafficMultiplexTimer
                0x08000620       0x20 ./Core/Src/main.o
                0x08000620                vTrafficMultiplexTimer
 .text.vTrafficTimer
                0x08000640       0x24 ./Core/Src/main.o
                0x08000640                vTrafficTimer
 .text.vTrafficLightTask
                0x08000664       0xe8 ./Core/Src/main.o
                0x08000664                vTrafficLightTask
 .text.HAL_TIM_PeriodElapsedCallback
                0x0800074c       0x1e ./Core/Src/main.o
                0x0800074c                HAL_TIM_PeriodElapsedCallback
 .text.Error_Handler
                0x0800076a        0xc ./Core/Src/main.o
                0x0800076a                Error_Handler
 *fill*         0x08000776        0x2 
 .text.HAL_MspInit
                0x08000778       0x50 ./Core/Src/stm32f4xx_hal_msp.o
                0x08000778                HAL_MspInit
 .text.HAL_InitTick
                0x080007c8       0xf8 ./Core/Src/stm32f4xx_hal_timebase_tim.o
                0x080007c8                HAL_InitTick
 .text.NMI_Handler
                0x080008c0        0x8 ./Core/Src/stm32f4xx_it.o
                0x080008c0                NMI_Handler
 .text.HardFault_Handler
                0x080008c8        0x8 ./Core/Src/stm32f4xx_it.o
                0x080008c8                HardFault_Handler
 .text.MemManage_Handler
                0x080008d0        0x8 ./Core/Src/stm32f4xx_it.o
                0x080008d0                MemManage_Handler
 .text.BusFault_Handler
                0x080008d8        0x8 ./Core/Src/stm32f4xx_it.o
                0x080008d8                BusFault_Handler
 .text.UsageFault_Handler
                0x080008e0        0x8 ./Core/Src/stm32f4xx_it.o
                0x080008e0                UsageFault_Handler
 .text.DebugMon_Handler
                0x080008e8        0xe ./Core/Src/stm32f4xx_it.o
                0x080008e8                DebugMon_Handler
 *fill*         0x080008f6        0x2 
 .text.TIM2_IRQHandler
                0x080008f8       0x14 ./Core/Src/stm32f4xx_it.o
                0x080008f8                TIM2_IRQHandler
 .text.SystemInit
                0x0800090c       0x24 ./Core/Src/system_stm32f4xx.o
                0x0800090c                SystemInit
 .text.Reset_Handler
                0x08000930       0x50 ./Core/Startup/startup_stm32f401rctx.o
                0x08000930                Reset_Handler
 .text.Default_Handler
                0x08000980        0x2 ./Core/Startup/startup_stm32f401rctx.o
                0x08000980                RTC_Alarm_IRQHandler
                0x08000980                EXTI2_IRQHandler
                0x08000980                SPI4_IRQHandler
                0x08000980                TIM1_CC_IRQHandler
                0x08000980                DMA2_Stream5_IRQHandler
                0x08000980                DMA1_Stream5_IRQHandler
                0x08000980                PVD_IRQHandler
                0x08000980                SDIO_IRQHandler
                0x08000980                TAMP_STAMP_IRQHandler
                0x08000980                EXTI3_IRQHandler
                0x08000980                TIM1_UP_TIM10_IRQHandler
                0x08000980                I2C3_ER_IRQHandler
                0x08000980                EXTI0_IRQHandler
                0x08000980                I2C2_EV_IRQHandler
                0x08000980                DMA1_Stream2_IRQHandler
                0x08000980                FPU_IRQHandler
                0x08000980                DMA2_Stream2_IRQHandler
                0x08000980                SPI1_IRQHandler
                0x08000980                TIM1_BRK_TIM9_IRQHandler
                0x08000980                DMA2_Stream3_IRQHandler
                0x08000980                USART6_IRQHandler
                0x08000980                DMA2_Stream0_IRQHandler
                0x08000980                TIM4_IRQHandler
                0x08000980                I2C1_EV_IRQHandler
                0x08000980                DMA1_Stream6_IRQHandler
                0x08000980                DMA1_Stream1_IRQHandler
                0x08000980                TIM3_IRQHandler
                0x08000980                RCC_IRQHandler
                0x08000980                Default_Handler
                0x08000980                EXTI15_10_IRQHandler
                0x08000980                ADC_IRQHandler
                0x08000980                DMA1_Stream7_IRQHandler
                0x08000980                TIM5_IRQHandler
                0x08000980                DMA2_Stream7_IRQHandler
                0x08000980                I2C3_EV_IRQHandler
                0x08000980                EXTI9_5_IRQHandler
                0x08000980                RTC_WKUP_IRQHandler
                0x08000980                SPI2_IRQHandler
                0x08000980                DMA1_Stream0_IRQHandler
                0x08000980                EXTI4_IRQHandler
                0x08000980                WWDG_IRQHandler
                0x08000980                OTG_FS_WKUP_IRQHandler
                0x08000980                TIM1_TRG_COM_TIM11_IRQHandler
                0x08000980                EXTI1_IRQHandler
                0x08000980                USART2_IRQHandler
                0x08000980                I2C2_ER_IRQHandler
                0x08000980                DMA2_Stream1_IRQHandler
                0x08000980                FLASH_IRQHandler
                0x08000980                DMA2_Stream4_IRQHandler
                0x08000980                USART1_IRQHandler
                0x08000980                OTG_FS_IRQHandler
                0x08000980                SPI3_IRQHandler
                0x08000980                DMA1_Stream4_IRQHandler
                0x08000980                I2C1_ER_IRQHandler
                0x08000980                DMA2_Stream6_IRQHandler
                0x08000980                DMA1_Stream3_IRQHandler
 .text.vListInitialise
                0x08000982       0x40 ./Drivers/FreeRTOS/list.o
                0x08000982                vListInitialise
 .text.vListInitialiseItem
                0x080009c2       0x1a ./Drivers/FreeRTOS/list.o
                0x080009c2                vListInitialiseItem
 .text.vListInsertEnd
                0x080009dc       0x48 ./Drivers/FreeRTOS/list.o
                0x080009dc                vListInsertEnd
 .text.vListInsert
                0x08000a24       0x72 ./Drivers/FreeRTOS/list.o
                0x08000a24                vListInsert
 .text.uxListRemove
                0x08000a96       0x54 ./Drivers/FreeRTOS/list.o
                0x08000a96                uxListRemove
 *fill*         0x08000aea        0x2 
 .text.xQueueGenericReset
                0x08000aec       0xd4 ./Drivers/FreeRTOS/queue.o
                0x08000aec                xQueueGenericReset
 .text.xQueueGenericCreate
                0x08000bc0       0x76 ./Drivers/FreeRTOS/queue.o
                0x08000bc0                xQueueGenericCreate
 .text.prvInitialiseNewQueue
                0x08000c36       0x46 ./Drivers/FreeRTOS/queue.o
 .text.xQueueGenericSend
                0x08000c7c      0x204 ./Drivers/FreeRTOS/queue.o
                0x08000c7c                xQueueGenericSend
 .text.xQueueGenericSendFromISR
                0x08000e80      0x136 ./Drivers/FreeRTOS/queue.o
                0x08000e80                xQueueGenericSendFromISR
 *fill*         0x08000fb6        0x2 
 .text.xQueueGenericReceive
                0x08000fb8      0x230 ./Drivers/FreeRTOS/queue.o
                0x08000fb8                xQueueGenericReceive
 .text.prvCopyDataToQueue
                0x080011e8       0xd4 ./Drivers/FreeRTOS/queue.o
 .text.prvCopyDataFromQueue
                0x080012bc       0x4c ./Drivers/FreeRTOS/queue.o
 .text.prvUnlockQueue
                0x08001308       0xa4 ./Drivers/FreeRTOS/queue.o
 .text.prvIsQueueEmpty
                0x080013ac       0x2c ./Drivers/FreeRTOS/queue.o
 .text.prvIsQueueFull
                0x080013d8       0x30 ./Drivers/FreeRTOS/queue.o
 .text.vQueueAddToRegistry
                0x08001408       0x54 ./Drivers/FreeRTOS/queue.o
                0x08001408                vQueueAddToRegistry
 .text.vQueueWaitForMessageRestricted
                0x0800145c       0x68 ./Drivers/FreeRTOS/queue.o
                0x0800145c                vQueueWaitForMessageRestricted
 .text.xTaskCreate
                0x080014c4       0x82 ./Drivers/FreeRTOS/tasks.o
                0x080014c4                xTaskCreate
 .text.prvInitialiseNewTask
                0x08001546      0x110 ./Drivers/FreeRTOS/tasks.o
 *fill*         0x08001656        0x2 
 .text.prvAddNewTaskToReadyList
                0x08001658       0xdc ./Drivers/FreeRTOS/tasks.o
 .text.vTaskDelay
                0x08001734       0x6c ./Drivers/FreeRTOS/tasks.o
                0x08001734                vTaskDelay
 .text.vTaskStartScheduler
                0x080017a0       0x9c ./Drivers/FreeRTOS/tasks.o
                0x080017a0                vTaskStartScheduler
 .text.vTaskSuspendAll
                0x0800183c       0x1c ./Drivers/FreeRTOS/tasks.o
                0x0800183c                vTaskSuspendAll
 .text.xTaskResumeAll
                0x08001858      0x13c ./Drivers/FreeRTOS/tasks.o
                0x08001858                xTaskResumeAll
 .text.xTaskGetTickCount
                0x08001994       0x20 ./Drivers/FreeRTOS/tasks.o
                0x08001994                xTaskGetTickCount
 .text.xTaskIncrementTick
                0x080019b4      0x17c ./Drivers/FreeRTOS/tasks.o
                0x080019b4                xTaskIncrementTick
 .text.vTaskSwitchContext
                0x08001b30       0xb8 ./Drivers/FreeRTOS/tasks.o
                0x08001b30                vTaskSwitchContext
 .text.vTaskPlaceOnEventList
                0x08001be8       0x4c ./Drivers/FreeRTOS/tasks.o
                0x08001be8                vTaskPlaceOnEventList
 .text.vTaskPlaceOnEventListRestricted
                0x08001c34       0x58 ./Drivers/FreeRTOS/tasks.o
                0x08001c34                vTaskPlaceOnEventListRestricted
 .text.xTaskRemoveFromEventList
                0x08001c8c       0xc8 ./Drivers/FreeRTOS/tasks.o
                0x08001c8c                xTaskRemoveFromEventList
 .text.vTaskSetTimeOutState
                0x08001d54       0x4c ./Drivers/FreeRTOS/tasks.o
                0x08001d54                vTaskSetTimeOutState
 .text.xTaskCheckForTimeOut
                0x08001da0       0xc4 ./Drivers/FreeRTOS/tasks.o
                0x08001da0                xTaskCheckForTimeOut
 .text.vTaskMissedYield
                0x08001e64       0x18 ./Drivers/FreeRTOS/tasks.o
                0x08001e64                vTaskMissedYield
 .text.prvIdleTask
                0x08001e7c       0x30 ./Drivers/FreeRTOS/tasks.o
 .text.prvInitialiseTaskLists
                0x08001eac       0x80 ./Drivers/FreeRTOS/tasks.o
 .text.prvCheckTasksWaitingTermination
                0x08001f2c       0x78 ./Drivers/FreeRTOS/tasks.o
 .text.prvDeleteTCB
                0x08001fa4       0x20 ./Drivers/FreeRTOS/tasks.o
 .text.prvResetNextTaskUnblockTime
                0x08001fc4       0x4c ./Drivers/FreeRTOS/tasks.o
 .text.xTaskGetSchedulerState
                0x08002010       0x3c ./Drivers/FreeRTOS/tasks.o
                0x08002010                xTaskGetSchedulerState
 .text.vTaskPriorityInherit
                0x0800204c       0xec ./Drivers/FreeRTOS/tasks.o
                0x0800204c                vTaskPriorityInherit
 .text.xTaskPriorityDisinherit
                0x08002138      0x110 ./Drivers/FreeRTOS/tasks.o
                0x08002138                xTaskPriorityDisinherit
 .text.pvTaskIncrementMutexHeldCount
                0x08002248       0x28 ./Drivers/FreeRTOS/tasks.o
                0x08002248                pvTaskIncrementMutexHeldCount
 .text.prvAddCurrentTaskToDelayedList
                0x08002270       0xcc ./Drivers/FreeRTOS/tasks.o
 .text.xTimerCreateTimerTask
                0x0800233c       0x68 ./Drivers/FreeRTOS/timers.o
                0x0800233c                xTimerCreateTimerTask
 .text.xTimerGenericCommand
                0x080023a4       0x9c ./Drivers/FreeRTOS/timers.o
                0x080023a4                xTimerGenericCommand
 .text.prvProcessExpiredTimer
                0x08002440       0x84 ./Drivers/FreeRTOS/timers.o
 .text.prvTimerTask
                0x080024c4       0x26 ./Drivers/FreeRTOS/timers.o
 *fill*         0x080024ea        0x2 
 .text.prvProcessTimerOrBlockTask
                0x080024ec       0x9c ./Drivers/FreeRTOS/timers.o
 .text.prvGetNextExpireTime
                0x08002588       0x48 ./Drivers/FreeRTOS/timers.o
 .text.prvSampleTimeNow
                0x080025d0       0x40 ./Drivers/FreeRTOS/timers.o
 .text.prvInsertTimerInActiveList
                0x08002610       0x84 ./Drivers/FreeRTOS/timers.o
 .text.prvProcessReceivedCommands
                0x08002694      0x130 ./Drivers/FreeRTOS/timers.o
 .text.prvSwitchTimerLists
                0x080027c4       0xc4 ./Drivers/FreeRTOS/timers.o
 .text.prvCheckForValidListAndQueue
                0x08002888       0x6c ./Drivers/FreeRTOS/timers.o
 .text.pxPortInitialiseStack
                0x080028f4       0x68 ./Drivers/FreeRTOS/portable/GCC/ARM_CM4F/port.o
                0x080028f4                pxPortInitialiseStack
 .text.prvTaskExitError
                0x0800295c       0x44 ./Drivers/FreeRTOS/portable/GCC/ARM_CM4F/port.o
 .text.SVC_Handler
                0x080029a0       0x28 ./Drivers/FreeRTOS/portable/GCC/ARM_CM4F/port.o
                0x080029a0                SVC_Handler
 .text.prvPortStartFirstTask
                0x080029c8       0x20 ./Drivers/FreeRTOS/portable/GCC/ARM_CM4F/port.o
 .text.xPortStartScheduler
                0x080029e8      0x120 ./Drivers/FreeRTOS/portable/GCC/ARM_CM4F/port.o
                0x080029e8                xPortStartScheduler
 .text.vPortEnterCritical
                0x08002b08       0x64 ./Drivers/FreeRTOS/portable/GCC/ARM_CM4F/port.o
                0x08002b08                vPortEnterCritical
 .text.vPortExitCritical
                0x08002b6c       0x54 ./Drivers/FreeRTOS/portable/GCC/ARM_CM4F/port.o
                0x08002b6c                vPortExitCritical
 .text.PendSV_Handler
                0x08002bc0       0x68 ./Drivers/FreeRTOS/portable/GCC/ARM_CM4F/port.o
                0x08002bc0                PendSV_Handler
 .text.SysTick_Handler
                0x08002c28       0x44 ./Drivers/FreeRTOS/portable/GCC/ARM_CM4F/port.o
                0x08002c28                SysTick_Handler
 .text.vPortSetupTimerInterrupt
                0x08002c6c       0x38 ./Drivers/FreeRTOS/portable/GCC/ARM_CM4F/port.o
                0x08002c6c                vPortSetupTimerInterrupt
 .text.vPortEnableVFP
                0x08002ca4       0x14 ./Drivers/FreeRTOS/portable/GCC/ARM_CM4F/port.o
 .text.vPortValidateInterruptPriority
                0x08002cb8       0x84 ./Drivers/FreeRTOS/portable/GCC/ARM_CM4F/port.o
                0x08002cb8                vPortValidateInterruptPriority
 .text.pvPortMalloc
                0x08002d3c      0x190 ./Drivers/FreeRTOS/portable/MemMang/heap_4.o
                0x08002d3c                pvPortMalloc
 .text.vPortFree
                0x08002ecc       0xb8 ./Drivers/FreeRTOS/portable/MemMang/heap_4.o
                0x08002ecc                vPortFree
 .text.prvHeapInit
                0x08002f84       0xc4 ./Drivers/FreeRTOS/portable/MemMang/heap_4.o
 .text.prvInsertBlockIntoFreeList
                0x08003048       0xb4 ./Drivers/FreeRTOS/portable/MemMang/heap_4.o
 .text.LED_voidInit
                0x080030fc      0x164 ./Drivers/HAL/Src/LED_program.o
                0x080030fc                LED_voidInit
 .text.LED_voidOn
                0x08003260       0x40 ./Drivers/HAL/Src/LED_program.o
                0x08003260                LED_voidOn
 .text.LED_voidOff
                0x080032a0       0x40 ./Drivers/HAL/Src/LED_program.o
                0x080032a0                LED_voidOff
 .text.SSD_voidInit
                0x080032e0       0xf8 ./Drivers/HAL/Src/SSD_program.o
                0x080032e0                SSD_voidInit
 .text.SSD_voidDisplayNumber
                0x080033d8      0x244 ./Drivers/HAL/Src/SSD_program.o
                0x080033d8                SSD_voidDisplayNumber
 .text.SSD_voidDisplayMultiplexedNumber
                0x0800361c       0x74 ./Drivers/HAL/Src/SSD_program.o
                0x0800361c                SSD_voidDisplayMultiplexedNumber
 .text.HAL_Init
                0x08003690       0x44 ./Drivers/STM32F4xx_HAL_Driver/Src/stm32f4xx_hal.o
                0x08003690                HAL_Init
 .text.HAL_IncTick
                0x080036d4       0x28 ./Drivers/STM32F4xx_HAL_Driver/Src/stm32f4xx_hal.o
                0x080036d4                HAL_IncTick
 .text.HAL_GetTick
                0x080036fc       0x18 ./Drivers/STM32F4xx_HAL_Driver/Src/stm32f4xx_hal.o
                0x080036fc                HAL_GetTick
 .text.HAL_Delay
                0x08003714       0x48 ./Drivers/STM32F4xx_HAL_Driver/Src/stm32f4xx_hal.o
                0x08003714                HAL_Delay
 .text.__NVIC_SetPriorityGrouping
                0x0800375c       0x48 ./Drivers/STM32F4xx_HAL_Driver/Src/stm32f4xx_hal_cortex.o
 .text.__NVIC_GetPriorityGrouping
                0x080037a4       0x1c ./Drivers/STM32F4xx_HAL_Driver/Src/stm32f4xx_hal_cortex.o
 .text.__NVIC_EnableIRQ
                0x080037c0       0x3c ./Drivers/STM32F4xx_HAL_Driver/Src/stm32f4xx_hal_cortex.o
 .text.__NVIC_SetPriority
                0x080037fc       0x54 ./Drivers/STM32F4xx_HAL_Driver/Src/stm32f4xx_hal_cortex.o
 .text.NVIC_EncodePriority
                0x08003850       0x66 ./Drivers/STM32F4xx_HAL_Driver/Src/stm32f4xx_hal_cortex.o
 .text.HAL_NVIC_SetPriorityGrouping
                0x080038b6       0x16 ./Drivers/STM32F4xx_HAL_Driver/Src/stm32f4xx_hal_cortex.o
                0x080038b6                HAL_NVIC_SetPriorityGrouping
 .text.HAL_NVIC_SetPriority
                0x080038cc       0x38 ./Drivers/STM32F4xx_HAL_Driver/Src/stm32f4xx_hal_cortex.o
                0x080038cc                HAL_NVIC_SetPriority
 .text.HAL_NVIC_EnableIRQ
                0x08003904       0x1c ./Drivers/STM32F4xx_HAL_Driver/Src/stm32f4xx_hal_cortex.o
                0x08003904                HAL_NVIC_EnableIRQ
 .text.HAL_GPIO_Init
                0x08003920      0x308 ./Drivers/STM32F4xx_HAL_Driver/Src/stm32f4xx_hal_gpio.o
                0x08003920                HAL_GPIO_Init
 .text.HAL_GPIO_WritePin
                0x08003c28       0x32 ./Drivers/STM32F4xx_HAL_Driver/Src/stm32f4xx_hal_gpio.o
                0x08003c28                HAL_GPIO_WritePin
 .text.HAL_GPIO_TogglePin
                0x08003c5a       0x34 ./Drivers/STM32F4xx_HAL_Driver/Src/stm32f4xx_hal_gpio.o
                0x08003c5a                HAL_GPIO_TogglePin
 *fill*         0x08003c8e        0x2 
 .text.HAL_RCC_OscConfig
                0x08003c90      0x4f0 ./Drivers/STM32F4xx_HAL_Driver/Src/stm32f4xx_hal_rcc.o
                0x08003c90                HAL_RCC_OscConfig
 .text.HAL_RCC_ClockConfig
                0x08004180      0x1cc ./Drivers/STM32F4xx_HAL_Driver/Src/stm32f4xx_hal_rcc.o
                0x08004180                HAL_RCC_ClockConfig
 .text.HAL_RCC_GetSysClockFreq
                0x0800434c      0x18c ./Drivers/STM32F4xx_HAL_Driver/Src/stm32f4xx_hal_rcc.o
                0x0800434c                HAL_RCC_GetSysClockFreq
 .text.HAL_RCC_GetHCLKFreq
                0x080044d8       0x18 ./Drivers/STM32F4xx_HAL_Driver/Src/stm32f4xx_hal_rcc.o
                0x080044d8                HAL_RCC_GetHCLKFreq
 .text.HAL_RCC_GetPCLK1Freq
                0x080044f0       0x28 ./Drivers/STM32F4xx_HAL_Driver/Src/stm32f4xx_hal_rcc.o
                0x080044f0                HAL_RCC_GetPCLK1Freq
 .text.HAL_RCC_GetClockConfig
                0x08004518       0x64 ./Drivers/STM32F4xx_HAL_Driver/Src/stm32f4xx_hal_rcc.o
                0x08004518                HAL_RCC_GetClockConfig
 .text.HAL_TIM_Base_Init
                0x0800457c       0x9e ./Drivers/STM32F4xx_HAL_Driver/Src/stm32f4xx_hal_tim.o
                0x0800457c                HAL_TIM_Base_Init
 .text.HAL_TIM_Base_MspInit
                0x0800461a       0x14 ./Drivers/STM32F4xx_HAL_Driver/Src/stm32f4xx_hal_tim.o
                0x0800461a                HAL_TIM_Base_MspInit
 *fill*         0x0800462e        0x2 
 .text.HAL_TIM_Base_Start_IT
                0x08004630       0xc4 ./Drivers/STM32F4xx_HAL_Driver/Src/stm32f4xx_hal_tim.o
                0x08004630                HAL_TIM_Base_Start_IT
 .text.HAL_TIM_IRQHandler
                0x080046f4      0x1e0 ./Drivers/STM32F4xx_HAL_Driver/Src/stm32f4xx_hal_tim.o
                0x080046f4                HAL_TIM_IRQHandler
 .text.HAL_TIM_OC_DelayElapsedCallback
                0x080048d4       0x14 ./Drivers/STM32F4xx_HAL_Driver/Src/stm32f4xx_hal_tim.o
                0x080048d4                HAL_TIM_OC_DelayElapsedCallback
 .text.HAL_TIM_IC_CaptureCallback
                0x080048e8       0x14 ./Drivers/STM32F4xx_HAL_Driver/Src/stm32f4xx_hal_tim.o
                0x080048e8                HAL_TIM_IC_CaptureCallback
 .text.HAL_TIM_PWM_PulseFinishedCallback
                0x080048fc       0x14 ./Drivers/STM32F4xx_HAL_Driver/Src/stm32f4xx_hal_tim.o
                0x080048fc                HAL_TIM_PWM_PulseFinishedCallback
 .text.HAL_TIM_TriggerCallback
                0x08004910       0x14 ./Drivers/STM32F4xx_HAL_Driver/Src/stm32f4xx_hal_tim.o
                0x08004910                HAL_TIM_TriggerCallback
 .text.TIM_Base_SetConfig
                0x08004924      0x118 ./Drivers/STM32F4xx_HAL_Driver/Src/stm32f4xx_hal_tim.o
                0x08004924                TIM_Base_SetConfig
 .text.HAL_TIMEx_CommutCallback
                0x08004a3c       0x14 ./Drivers/STM32F4xx_HAL_Driver/Src/stm32f4xx_hal_tim_ex.o
                0x08004a3c                HAL_TIMEx_CommutCallback
 .text.HAL_TIMEx_BreakCallback
                0x08004a50       0x14 ./Drivers/STM32F4xx_HAL_Driver/Src/stm32f4xx_hal_tim_ex.o
                0x08004a50                HAL_TIMEx_BreakCallback
 .text.memset   0x08004a64       0x10 C:/ST/STM32CubeIDE_1.16.1/STM32CubeIDE/plugins/com.st.stm32cube.ide.mcu.externaltools.gnu-tools-for-stm32.12.3.rel1.win32_1.0.200.202406191623/tools/bin/../lib/gcc/arm-none-eabi/12.3.1/../../../../arm-none-eabi/lib/thumb/v7e-m+fp/hard\libc_nano.a(libc_a-memset.o)
                0x08004a64                memset
 .text.__libc_init_array
                0x08004a74       0x48 C:/ST/STM32CubeIDE_1.16.1/STM32CubeIDE/plugins/com.st.stm32cube.ide.mcu.externaltools.gnu-tools-for-stm32.12.3.rel1.win32_1.0.200.202406191623/tools/bin/../lib/gcc/arm-none-eabi/12.3.1/../../../../arm-none-eabi/lib/thumb/v7e-m+fp/hard\libc_nano.a(libc_a-init.o)
                0x08004a74                __libc_init_array
 .text.memcpy   0x08004abc       0x1c C:/ST/STM32CubeIDE_1.16.1/STM32CubeIDE/plugins/com.st.stm32cube.ide.mcu.externaltools.gnu-tools-for-stm32.12.3.rel1.win32_1.0.200.202406191623/tools/bin/../lib/gcc/arm-none-eabi/12.3.1/../../../../arm-none-eabi/lib/thumb/v7e-m+fp/hard\libc_nano.a(libc_a-memcpy-stub.o)
                0x08004abc                memcpy
 *(.glue_7)
 .glue_7        0x08004ad8        0x0 linker stubs
 *(.glue_7t)
 .glue_7t       0x08004ad8        0x0 linker stubs
 *(.eh_frame)
 .eh_frame      0x08004ad8        0x0 C:/ST/STM32CubeIDE_1.16.1/STM32CubeIDE/plugins/com.st.stm32cube.ide.mcu.externaltools.gnu-tools-for-stm32.12.3.rel1.win32_1.0.200.202406191623/tools/bin/../lib/gcc/arm-none-eabi/12.3.1/thumb/v7e-m+fp/hard/crtbegin.o
 *(.init)
 .init          0x08004ad8        0x4 C:/ST/STM32CubeIDE_1.16.1/STM32CubeIDE/plugins/com.st.stm32cube.ide.mcu.externaltools.gnu-tools-for-stm32.12.3.rel1.win32_1.0.200.202406191623/tools/bin/../lib/gcc/arm-none-eabi/12.3.1/thumb/v7e-m+fp/hard/crti.o
                0x08004ad8                _init
 .init          0x08004adc        0x8 C:/ST/STM32CubeIDE_1.16.1/STM32CubeIDE/plugins/com.st.stm32cube.ide.mcu.externaltools.gnu-tools-for-stm32.12.3.rel1.win32_1.0.200.202406191623/tools/bin/../lib/gcc/arm-none-eabi/12.3.1/thumb/v7e-m+fp/hard/crtn.o
 *(.fini)
 .fini          0x08004ae4        0x4 C:/ST/STM32CubeIDE_1.16.1/STM32CubeIDE/plugins/com.st.stm32cube.ide.mcu.externaltools.gnu-tools-for-stm32.12.3.rel1.win32_1.0.200.202406191623/tools/bin/../lib/gcc/arm-none-eabi/12.3.1/thumb/v7e-m+fp/hard/crti.o
                0x08004ae4                _fini
 .fini          0x08004ae8        0x8 C:/ST/STM32CubeIDE_1.16.1/STM32CubeIDE/plugins/com.st.stm32cube.ide.mcu.externaltools.gnu-tools-for-stm32.12.3.rel1.win32_1.0.200.202406191623/tools/bin/../lib/gcc/arm-none-eabi/12.3.1/thumb/v7e-m+fp/hard/crtn.o
                0x08004af0                        . = ALIGN (0x4)
                0x08004af0                        _etext = .

.vfp11_veneer   0x08004af0        0x0
 .vfp11_veneer  0x08004af0        0x0 linker stubs

.v4_bx          0x08004af0        0x0
 .v4_bx         0x08004af0        0x0 linker stubs

.iplt           0x08004af0        0x0
 .iplt          0x08004af0        0x0 C:/ST/STM32CubeIDE_1.16.1/STM32CubeIDE/plugins/com.st.stm32cube.ide.mcu.externaltools.gnu-tools-for-stm32.12.3.rel1.win32_1.0.200.202406191623/tools/bin/../lib/gcc/arm-none-eabi/12.3.1/thumb/v7e-m+fp/hard/crtbegin.o

.rodata         0x08004af0       0x64
                0x08004af0                        . = ALIGN (0x4)
 *(.rodata)
 .rodata        0x08004af0       0x32 ./Core/Src/main.o
 *fill*         0x08004b22        0x2 
 .rodata        0x08004b24        0x5 ./Drivers/FreeRTOS/tasks.o
 *fill*         0x08004b29        0x3 
 .rodata        0x08004b2c        0xd ./Drivers/FreeRTOS/timers.o
 *(.rodata*)
 *fill*         0x08004b39        0x3 
 .rodata.AHBPrescTable
                0x08004b3c       0x10 ./Core/Src/system_stm32f4xx.o
                0x08004b3c                AHBPrescTable
 .rodata.APBPrescTable
                0x08004b4c        0x8 ./Core/Src/system_stm32f4xx.o
                0x08004b4c                APBPrescTable
                0x08004b54                        . = ALIGN (0x4)

.ARM.extab      0x08004b54        0x0
                0x08004b54                        . = ALIGN (0x4)
 *(.ARM.extab* .gnu.linkonce.armextab.*)
                0x08004b54                        . = ALIGN (0x4)

.ARM            0x08004b54        0x8
                0x08004b54                        . = ALIGN (0x4)
                0x08004b54                        __exidx_start = .
 *(.ARM.exidx*)
 .ARM.exidx     0x08004b54        0x8 C:/ST/STM32CubeIDE_1.16.1/STM32CubeIDE/plugins/com.st.stm32cube.ide.mcu.externaltools.gnu-tools-for-stm32.12.3.rel1.win32_1.0.200.202406191623/tools/bin/../lib/gcc/arm-none-eabi/12.3.1/thumb/v7e-m+fp/hard\libgcc.a(_udivmoddi4.o)
                0x08004b5c                        __exidx_end = .
                0x08004b5c                        . = ALIGN (0x4)

.preinit_array  0x08004b5c        0x0
                0x08004b5c                        . = ALIGN (0x4)
                0x08004b5c                        PROVIDE (__preinit_array_start = .)
 *(.preinit_array*)
                0x08004b5c                        PROVIDE (__preinit_array_end = .)
                0x08004b5c                        . = ALIGN (0x4)

.init_array     0x08004b5c        0x4
                0x08004b5c                        . = ALIGN (0x4)
                0x08004b5c                        PROVIDE (__init_array_start = .)
 *(SORT_BY_NAME(.init_array.*))
 *(.init_array*)
 .init_array    0x08004b5c        0x4 C:/ST/STM32CubeIDE_1.16.1/STM32CubeIDE/plugins/com.st.stm32cube.ide.mcu.externaltools.gnu-tools-for-stm32.12.3.rel1.win32_1.0.200.202406191623/tools/bin/../lib/gcc/arm-none-eabi/12.3.1/thumb/v7e-m+fp/hard/crtbegin.o
                0x08004b60                        PROVIDE (__init_array_end = .)
                0x08004b60                        . = ALIGN (0x4)

.fini_array     0x08004b60        0x4
                0x08004b60                        . = ALIGN (0x4)
                [!provide]                        PROVIDE (__fini_array_start = .)
 *(SORT_BY_NAME(.fini_array.*))
 *(.fini_array*)
 .fini_array    0x08004b60        0x4 C:/ST/STM32CubeIDE_1.16.1/STM32CubeIDE/plugins/com.st.stm32cube.ide.mcu.externaltools.gnu-tools-for-stm32.12.3.rel1.win32_1.0.200.202406191623/tools/bin/../lib/gcc/arm-none-eabi/12.3.1/thumb/v7e-m+fp/hard/crtbegin.o
                [!provide]                        PROVIDE (__fini_array_end = .)
                0x08004b64                        . = ALIGN (0x4)
                0x08004b64                        _sidata = LOADADDR (.data)

.rel.dyn        0x08004b64        0x0
 .rel.iplt      0x08004b64        0x0 C:/ST/STM32CubeIDE_1.16.1/STM32CubeIDE/plugins/com.st.stm32cube.ide.mcu.externaltools.gnu-tools-for-stm32.12.3.rel1.win32_1.0.200.202406191623/tools/bin/../lib/gcc/arm-none-eabi/12.3.1/thumb/v7e-m+fp/hard/crtbegin.o

.data           0x20000000       0x1c load address 0x08004b64
                0x20000000                        . = ALIGN (0x4)
                0x20000000                        _sdata = .
 *(.data)
 *(.data*)
 .data.SystemCoreClock
                0x20000000        0x4 ./Core/Src/system_stm32f4xx.o
                0x20000000                SystemCoreClock
 .data.uxCriticalNesting
                0x20000004        0x4 ./Drivers/FreeRTOS/portable/GCC/ARM_CM4F/port.o
 .data.PRV_u8Numbers
                0x20000008        0xa ./Drivers/HAL/Src/SSD_program.o
 *fill*         0x20000012        0x2 
 .data.uwTickPrio
                0x20000014        0x4 ./Drivers/STM32F4xx_HAL_Driver/Src/stm32f4xx_hal.o
                0x20000014                uwTickPrio
 .data.uwTickFreq
                0x20000018        0x1 ./Drivers/STM32F4xx_HAL_Driver/Src/stm32f4xx_hal.o
                0x20000018                uwTickFreq
 *(.RamFunc)
 *(.RamFunc*)
                0x2000001c                        . = ALIGN (0x4)
 *fill*         0x20000019        0x3 
                0x2000001c                        _edata = .

.igot.plt       0x2000001c        0x0 load address 0x08004b80
 .igot.plt      0x2000001c        0x0 C:/ST/STM32CubeIDE_1.16.1/STM32CubeIDE/plugins/com.st.stm32cube.ide.mcu.externaltools.gnu-tools-for-stm32.12.3.rel1.win32_1.0.200.202406191623/tools/bin/../lib/gcc/arm-none-eabi/12.3.1/thumb/v7e-m+fp/hard/crtbegin.o
                0x2000001c                        . = ALIGN (0x4)

.bss            0x2000001c     0xca0c load address 0x08004b80
                0x2000001c                        _sbss = .
                0x2000001c                        __bss_start__ = _sbss
 *(.bss)
 .bss           0x2000001c       0x1c C:/ST/STM32CubeIDE_1.16.1/STM32CubeIDE/plugins/com.st.stm32cube.ide.mcu.externaltools.gnu-tools-for-stm32.12.3.rel1.win32_1.0.200.202406191623/tools/bin/../lib/gcc/arm-none-eabi/12.3.1/thumb/v7e-m+fp/hard/crtbegin.o
 *(.bss*)
 .bss.seconds   0x20000038        0x1 ./Core/Src/main.o
                0x20000038                seconds
 .bss.currentState
                0x20000039        0x1 ./Core/Src/main.o
                0x20000039                currentState
 *fill*         0x2000003a        0x2 
 .bss.htim2     0x2000003c       0x48 ./Core/Src/stm32f4xx_hal_timebase_tim.o
                0x2000003c                htim2
 .bss.xQueueRegistry
                0x20000084       0x40 ./Drivers/FreeRTOS/queue.o
                0x20000084                xQueueRegistry
 .bss.pxCurrentTCB
                0x200000c4        0x4 ./Drivers/FreeRTOS/tasks.o
                0x200000c4                pxCurrentTCB
 .bss.pxReadyTasksLists
                0x200000c8       0x64 ./Drivers/FreeRTOS/tasks.o
 .bss.xDelayedTaskList1
                0x2000012c       0x14 ./Drivers/FreeRTOS/tasks.o
 .bss.xDelayedTaskList2
                0x20000140       0x14 ./Drivers/FreeRTOS/tasks.o
 .bss.pxDelayedTaskList
                0x20000154        0x4 ./Drivers/FreeRTOS/tasks.o
 .bss.pxOverflowDelayedTaskList
                0x20000158        0x4 ./Drivers/FreeRTOS/tasks.o
 .bss.xPendingReadyList
                0x2000015c       0x14 ./Drivers/FreeRTOS/tasks.o
 .bss.xTasksWaitingTermination
                0x20000170       0x14 ./Drivers/FreeRTOS/tasks.o
 .bss.uxDeletedTasksWaitingCleanUp
                0x20000184        0x4 ./Drivers/FreeRTOS/tasks.o
 .bss.xSuspendedTaskList
                0x20000188       0x14 ./Drivers/FreeRTOS/tasks.o
 .bss.uxCurrentNumberOfTasks
                0x2000019c        0x4 ./Drivers/FreeRTOS/tasks.o
 .bss.xTickCount
                0x200001a0        0x4 ./Drivers/FreeRTOS/tasks.o
 .bss.uxTopReadyPriority
                0x200001a4        0x4 ./Drivers/FreeRTOS/tasks.o
 .bss.xSchedulerRunning
                0x200001a8        0x4 ./Drivers/FreeRTOS/tasks.o
 .bss.uxPendedTicks
                0x200001ac        0x4 ./Drivers/FreeRTOS/tasks.o
 .bss.xYieldPending
                0x200001b0        0x4 ./Drivers/FreeRTOS/tasks.o
 .bss.xNumOfOverflows
                0x200001b4        0x4 ./Drivers/FreeRTOS/tasks.o
 .bss.uxTaskNumber
                0x200001b8        0x4 ./Drivers/FreeRTOS/tasks.o
 .bss.xNextTaskUnblockTime
                0x200001bc        0x4 ./Drivers/FreeRTOS/tasks.o
 .bss.xIdleTaskHandle
                0x200001c0        0x4 ./Drivers/FreeRTOS/tasks.o
 .bss.uxSchedulerSuspended
                0x200001c4        0x4 ./Drivers/FreeRTOS/tasks.o
 .bss.xActiveTimerList1
                0x200001c8       0x14 ./Drivers/FreeRTOS/timers.o
 .bss.xActiveTimerList2
                0x200001dc       0x14 ./Drivers/FreeRTOS/timers.o
 .bss.pxCurrentTimerList
                0x200001f0        0x4 ./Drivers/FreeRTOS/timers.o
 .bss.pxOverflowTimerList
                0x200001f4        0x4 ./Drivers/FreeRTOS/timers.o
 .bss.xTimerQueue
                0x200001f8        0x4 ./Drivers/FreeRTOS/timers.o
 .bss.xTimerTaskHandle
                0x200001fc        0x4 ./Drivers/FreeRTOS/timers.o
 .bss.xLastTime.0
                0x20000200        0x4 ./Drivers/FreeRTOS/timers.o
 .bss.ucMaxSysCallPriority
                0x20000204        0x1 ./Drivers/FreeRTOS/portable/GCC/ARM_CM4F/port.o
 *fill*         0x20000205        0x3 
 .bss.ulMaxPRIGROUPValue
                0x20000208        0x4 ./Drivers/FreeRTOS/portable/GCC/ARM_CM4F/port.o
 .bss.ucHeap    0x2000020c     0xc800 ./Drivers/FreeRTOS/portable/MemMang/heap_4.o
 .bss.xStart    0x2000ca0c        0x8 ./Drivers/FreeRTOS/portable/MemMang/heap_4.o
 .bss.pxEnd     0x2000ca14        0x4 ./Drivers/FreeRTOS/portable/MemMang/heap_4.o
 .bss.xFreeBytesRemaining
                0x2000ca18        0x4 ./Drivers/FreeRTOS/portable/MemMang/heap_4.o
 .bss.xMinimumEverFreeBytesRemaining
                0x2000ca1c        0x4 ./Drivers/FreeRTOS/portable/MemMang/heap_4.o
 .bss.xBlockAllocatedBit
                0x2000ca20        0x4 ./Drivers/FreeRTOS/portable/MemMang/heap_4.o
 .bss.uwTick    0x2000ca24        0x4 ./Drivers/STM32F4xx_HAL_Driver/Src/stm32f4xx_hal.o
                0x2000ca24                uwTick
 *(COMMON)
                0x2000ca28                        . = ALIGN (0x4)
                0x2000ca28                        _ebss = .
                0x2000ca28                        __bss_end__ = _ebss

._user_heap_stack
                0x2000ca28      0x600 load address 0x08004b80
                0x2000ca28                        . = ALIGN (0x8)
                [!provide]                        PROVIDE (end = .)
                0x2000ca28                        PROVIDE (_end = .)
                0x2000cc28                        . = (. + _Min_Heap_Size)
 *fill*         0x2000ca28      0x200 
                0x2000d028                        . = (. + _Min_Stack_Size)
 *fill*         0x2000cc28      0x400 
                0x2000d028                        . = ALIGN (0x8)

/DISCARD/
 libc.a(*)
 libm.a(*)
 libgcc.a(*)

.ARM.attributes
                0x00000000       0x30
 *(.ARM.attributes)
 .ARM.attributes
                0x00000000       0x22 C:/ST/STM32CubeIDE_1.16.1/STM32CubeIDE/plugins/com.st.stm32cube.ide.mcu.externaltools.gnu-tools-for-stm32.12.3.rel1.win32_1.0.200.202406191623/tools/bin/../lib/gcc/arm-none-eabi/12.3.1/thumb/v7e-m+fp/hard/crti.o
 .ARM.attributes
                0x00000022       0x34 C:/ST/STM32CubeIDE_1.16.1/STM32CubeIDE/plugins/com.st.stm32cube.ide.mcu.externaltools.gnu-tools-for-stm32.12.3.rel1.win32_1.0.200.202406191623/tools/bin/../lib/gcc/arm-none-eabi/12.3.1/thumb/v7e-m+fp/hard/crtbegin.o
 .ARM.attributes
                0x00000056       0x34 ./Core/Src/main.o
 .ARM.attributes
                0x0000008a       0x34 ./Core/Src/stm32f4xx_hal_msp.o
 .ARM.attributes
                0x000000be       0x34 ./Core/Src/stm32f4xx_hal_timebase_tim.o
 .ARM.attributes
                0x000000f2       0x34 ./Core/Src/stm32f4xx_it.o
 .ARM.attributes
                0x00000126       0x34 ./Core/Src/system_stm32f4xx.o
 .ARM.attributes
                0x0000015a       0x21 ./Core/Startup/startup_stm32f401rctx.o
 .ARM.attributes
                0x0000017b       0x34 ./Drivers/FreeRTOS/list.o
 .ARM.attributes
                0x000001af       0x34 ./Drivers/FreeRTOS/queue.o
 .ARM.attributes
                0x000001e3       0x34 ./Drivers/FreeRTOS/tasks.o
 .ARM.attributes
                0x00000217       0x34 ./Drivers/FreeRTOS/timers.o
 .ARM.attributes
                0x0000024b       0x34 ./Drivers/FreeRTOS/portable/GCC/ARM_CM4F/port.o
 .ARM.attributes
                0x0000027f       0x34 ./Drivers/FreeRTOS/portable/MemMang/heap_4.o
 .ARM.attributes
                0x000002b3       0x34 ./Drivers/HAL/Src/LED_program.o
 .ARM.attributes
                0x000002e7       0x34 ./Drivers/HAL/Src/SSD_program.o
 .ARM.attributes
                0x0000031b       0x34 ./Drivers/STM32F4xx_HAL_Driver/Src/stm32f4xx_hal.o
 .ARM.attributes
                0x0000034f       0x34 ./Drivers/STM32F4xx_HAL_Driver/Src/stm32f4xx_hal_cortex.o
 .ARM.attributes
                0x00000383       0x34 ./Drivers/STM32F4xx_HAL_Driver/Src/stm32f4xx_hal_gpio.o
 .ARM.attributes
                0x000003b7       0x34 ./Drivers/STM32F4xx_HAL_Driver/Src/stm32f4xx_hal_rcc.o
 .ARM.attributes
                0x000003eb       0x34 ./Drivers/STM32F4xx_HAL_Driver/Src/stm32f4xx_hal_tim.o
 .ARM.attributes
                0x0000041f       0x34 ./Drivers/STM32F4xx_HAL_Driver/Src/stm32f4xx_hal_tim_ex.o
 .ARM.attributes
                0x00000453       0x34 C:/ST/STM32CubeIDE_1.16.1/STM32CubeIDE/plugins/com.st.stm32cube.ide.mcu.externaltools.gnu-tools-for-stm32.12.3.rel1.win32_1.0.200.202406191623/tools/bin/../lib/gcc/arm-none-eabi/12.3.1/../../../../arm-none-eabi/lib/thumb/v7e-m+fp/hard\libc_nano.a(libc_a-memset.o)
 .ARM.attributes
                0x00000487       0x34 C:/ST/STM32CubeIDE_1.16.1/STM32CubeIDE/plugins/com.st.stm32cube.ide.mcu.externaltools.gnu-tools-for-stm32.12.3.rel1.win32_1.0.200.202406191623/tools/bin/../lib/gcc/arm-none-eabi/12.3.1/../../../../arm-none-eabi/lib/thumb/v7e-m+fp/hard\libc_nano.a(libc_a-init.o)
 .ARM.attributes
                0x000004bb       0x34 C:/ST/STM32CubeIDE_1.16.1/STM32CubeIDE/plugins/com.st.stm32cube.ide.mcu.externaltools.gnu-tools-for-stm32.12.3.rel1.win32_1.0.200.202406191623/tools/bin/../lib/gcc/arm-none-eabi/12.3.1/../../../../arm-none-eabi/lib/thumb/v7e-m+fp/hard\libc_nano.a(libc_a-memcpy-stub.o)
 .ARM.attributes
                0x000004ef       0x22 C:/ST/STM32CubeIDE_1.16.1/STM32CubeIDE/plugins/com.st.stm32cube.ide.mcu.externaltools.gnu-tools-for-stm32.12.3.rel1.win32_1.0.200.202406191623/tools/bin/../lib/gcc/arm-none-eabi/12.3.1/thumb/v7e-m+fp/hard\libgcc.a(_aeabi_uldivmod.o)
 .ARM.attributes
                0x00000511       0x34 C:/ST/STM32CubeIDE_1.16.1/STM32CubeIDE/plugins/com.st.stm32cube.ide.mcu.externaltools.gnu-tools-for-stm32.12.3.rel1.win32_1.0.200.202406191623/tools/bin/../lib/gcc/arm-none-eabi/12.3.1/thumb/v7e-m+fp/hard\libgcc.a(_udivmoddi4.o)
 .ARM.attributes
                0x00000545       0x22 C:/ST/STM32CubeIDE_1.16.1/STM32CubeIDE/plugins/com.st.stm32cube.ide.mcu.externaltools.gnu-tools-for-stm32.12.3.rel1.win32_1.0.200.202406191623/tools/bin/../lib/gcc/arm-none-eabi/12.3.1/thumb/v7e-m+fp/hard\libgcc.a(_dvmd_tls.o)
 .ARM.attributes
                0x00000567       0x22 C:/ST/STM32CubeIDE_1.16.1/STM32CubeIDE/plugins/com.st.stm32cube.ide.mcu.externaltools.gnu-tools-for-stm32.12.3.rel1.win32_1.0.200.202406191623/tools/bin/../lib/gcc/arm-none-eabi/12.3.1/thumb/v7e-m+fp/hard/crtn.o
OUTPUT(Traffic Light.elf elf32-littlearm)
LOAD linker stubs
LOAD C:/ST/STM32CubeIDE_1.16.1/STM32CubeIDE/plugins/com.st.stm32cube.ide.mcu.externaltools.gnu-tools-for-stm32.12.3.rel1.win32_1.0.200.202406191623/tools/bin/../lib/gcc/arm-none-eabi/12.3.1/../../../../arm-none-eabi/lib/thumb/v7e-m+fp/hard\libc.a
LOAD C:/ST/STM32CubeIDE_1.16.1/STM32CubeIDE/plugins/com.st.stm32cube.ide.mcu.externaltools.gnu-tools-for-stm32.12.3.rel1.win32_1.0.200.202406191623/tools/bin/../lib/gcc/arm-none-eabi/12.3.1/../../../../arm-none-eabi/lib/thumb/v7e-m+fp/hard\libm.a
LOAD C:/ST/STM32CubeIDE_1.16.1/STM32CubeIDE/plugins/com.st.stm32cube.ide.mcu.externaltools.gnu-tools-for-stm32.12.3.rel1.win32_1.0.200.202406191623/tools/bin/../lib/gcc/arm-none-eabi/12.3.1/thumb/v7e-m+fp/hard\libgcc.a

.debug_info     0x00000000     0xe036
 .debug_info    0x00000000      0xd6d ./Core/Src/main.o
 .debug_info    0x00000d6d      0x291 ./Core/Src/stm32f4xx_hal_msp.o
 .debug_info    0x00000ffe      0xb7d ./Core/Src/stm32f4xx_hal_timebase_tim.o
 .debug_info    0x00001b7b      0x6a4 ./Core/Src/stm32f4xx_it.o
 .debug_info    0x0000221f      0x53e ./Core/Src/system_stm32f4xx.o
 .debug_info    0x0000275d       0x30 ./Core/Startup/startup_stm32f401rctx.o
 .debug_info    0x0000278d      0x2a5 ./Drivers/FreeRTOS/list.o
 .debug_info    0x00002a32     0x1460 ./Drivers/FreeRTOS/queue.o
 .debug_info    0x00003e92     0x1d3f ./Drivers/FreeRTOS/tasks.o
 .debug_info    0x00005bd1      0xd0f ./Drivers/FreeRTOS/timers.o
 .debug_info    0x000068e0      0x4b1 ./Drivers/FreeRTOS/portable/GCC/ARM_CM4F/port.o
 .debug_info    0x00006d91      0x3c3 ./Drivers/FreeRTOS/portable/MemMang/heap_4.o
 .debug_info    0x00007154      0x564 ./Drivers/HAL/Src/LED_program.o
 .debug_info    0x000076b8      0x579 ./Drivers/HAL/Src/SSD_program.o
 .debug_info    0x00007c31      0x8bb ./Drivers/STM32F4xx_HAL_Driver/Src/stm32f4xx_hal.o
 .debug_info    0x000084ec      0xcf6 ./Drivers/STM32F4xx_HAL_Driver/Src/stm32f4xx_hal_cortex.o
 .debug_info    0x000091e2      0x6f9 ./Drivers/STM32F4xx_HAL_Driver/Src/stm32f4xx_hal_gpio.o
 .debug_info    0x000098db      0x8f1 ./Drivers/STM32F4xx_HAL_Driver/Src/stm32f4xx_hal_rcc.o
 .debug_info    0x0000a1cc     0x2996 ./Drivers/STM32F4xx_HAL_Driver/Src/stm32f4xx_hal_tim.o
 .debug_info    0x0000cb62     0x14d4 ./Drivers/STM32F4xx_HAL_Driver/Src/stm32f4xx_hal_tim_ex.o

.debug_abbrev   0x00000000     0x289a
 .debug_abbrev  0x00000000      0x280 ./Core/Src/main.o
 .debug_abbrev  0x00000280       0xd8 ./Core/Src/stm32f4xx_hal_msp.o
 .debug_abbrev  0x00000358      0x207 ./Core/Src/stm32f4xx_hal_timebase_tim.o
 .debug_abbrev  0x0000055f      0x190 ./Core/Src/stm32f4xx_it.o
 .debug_abbrev  0x000006ef      0x11a ./Core/Src/system_stm32f4xx.o
 .debug_abbrev  0x00000809       0x24 ./Core/Startup/startup_stm32f401rctx.o
 .debug_abbrev  0x0000082d       0xee ./Drivers/FreeRTOS/list.o
 .debug_abbrev  0x0000091b      0x2fe ./Drivers/FreeRTOS/queue.o
 .debug_abbrev  0x00000c19      0x3ad ./Drivers/FreeRTOS/tasks.o
 .debug_abbrev  0x00000fc6      0x295 ./Drivers/FreeRTOS/timers.o
 .debug_abbrev  0x0000125b      0x20c ./Drivers/FreeRTOS/portable/GCC/ARM_CM4F/port.o
 .debug_abbrev  0x00001467      0x205 ./Drivers/FreeRTOS/portable/MemMang/heap_4.o
 .debug_abbrev  0x0000166c      0x180 ./Drivers/HAL/Src/LED_program.o
 .debug_abbrev  0x000017ec      0x19c ./Drivers/HAL/Src/SSD_program.o
 .debug_abbrev  0x00001988      0x24b ./Drivers/STM32F4xx_HAL_Driver/Src/stm32f4xx_hal.o
 .debug_abbrev  0x00001bd3      0x31d ./Drivers/STM32F4xx_HAL_Driver/Src/stm32f4xx_hal_cortex.o
 .debug_abbrev  0x00001ef0      0x1d3 ./Drivers/STM32F4xx_HAL_Driver/Src/stm32f4xx_hal_gpio.o
 .debug_abbrev  0x000020c3      0x2b6 ./Drivers/STM32F4xx_HAL_Driver/Src/stm32f4xx_hal_rcc.o
 .debug_abbrev  0x00002379      0x28b ./Drivers/STM32F4xx_HAL_Driver/Src/stm32f4xx_hal_tim.o
 .debug_abbrev  0x00002604      0x296 ./Drivers/STM32F4xx_HAL_Driver/Src/stm32f4xx_hal_tim_ex.o

.debug_aranges  0x00000000      0xe98
 .debug_aranges
                0x00000000       0x50 ./Core/Src/main.o
 .debug_aranges
                0x00000050       0x20 ./Core/Src/stm32f4xx_hal_msp.o
 .debug_aranges
                0x00000070       0x30 ./Core/Src/stm32f4xx_hal_timebase_tim.o
 .debug_aranges
                0x000000a0       0x50 ./Core/Src/stm32f4xx_it.o
 .debug_aranges
                0x000000f0       0x28 ./Core/Src/system_stm32f4xx.o
 .debug_aranges
                0x00000118       0x28 ./Core/Startup/startup_stm32f401rctx.o
 .debug_aranges
                0x00000140       0x40 ./Drivers/FreeRTOS/list.o
 .debug_aranges
                0x00000180      0x118 ./Drivers/FreeRTOS/queue.o
 .debug_aranges
                0x00000298      0x1d8 ./Drivers/FreeRTOS/tasks.o
 .debug_aranges
                0x00000470       0xb8 ./Drivers/FreeRTOS/timers.o
 .debug_aranges
                0x00000528       0x80 ./Drivers/FreeRTOS/portable/GCC/ARM_CM4F/port.o
 .debug_aranges
                0x000005a8       0x50 ./Drivers/FreeRTOS/portable/MemMang/heap_4.o
 .debug_aranges
                0x000005f8       0x38 ./Drivers/HAL/Src/LED_program.o
 .debug_aranges
                0x00000630       0x30 ./Drivers/HAL/Src/SSD_program.o
 .debug_aranges
                0x00000660       0xf0 ./Drivers/STM32F4xx_HAL_Driver/Src/stm32f4xx_hal.o
 .debug_aranges
                0x00000750      0x130 ./Drivers/STM32F4xx_HAL_Driver/Src/stm32f4xx_hal_cortex.o
 .debug_aranges
                0x00000880       0x58 ./Drivers/STM32F4xx_HAL_Driver/Src/stm32f4xx_hal_gpio.o
 .debug_aranges
                0x000008d8       0x88 ./Drivers/STM32F4xx_HAL_Driver/Src/stm32f4xx_hal_rcc.o
 .debug_aranges
                0x00000960      0x3d0 ./Drivers/STM32F4xx_HAL_Driver/Src/stm32f4xx_hal_tim.o
 .debug_aranges
                0x00000d30      0x168 ./Drivers/STM32F4xx_HAL_Driver/Src/stm32f4xx_hal_tim_ex.o

.debug_rnglists
                0x00000000      0xb2f
 .debug_rnglists
                0x00000000       0x3a ./Core/Src/main.o
 .debug_rnglists
                0x0000003a       0x13 ./Core/Src/stm32f4xx_hal_msp.o
 .debug_rnglists
                0x0000004d       0x20 ./Core/Src/stm32f4xx_hal_timebase_tim.o
 .debug_rnglists
                0x0000006d       0x37 ./Core/Src/stm32f4xx_it.o
 .debug_rnglists
                0x000000a4       0x1a ./Core/Src/system_stm32f4xx.o
 .debug_rnglists
                0x000000be       0x19 ./Core/Startup/startup_stm32f401rctx.o
 .debug_rnglists
                0x000000d7       0x2b ./Drivers/FreeRTOS/list.o
 .debug_rnglists
                0x00000102       0xd6 ./Drivers/FreeRTOS/queue.o
 .debug_rnglists
                0x000001d8      0x17a ./Drivers/FreeRTOS/tasks.o
 .debug_rnglists
                0x00000352       0x8b ./Drivers/FreeRTOS/timers.o
 .debug_rnglists
                0x000003dd       0x5d ./Drivers/FreeRTOS/portable/GCC/ARM_CM4F/port.o
 .debug_rnglists
                0x0000043a       0x3b ./Drivers/FreeRTOS/portable/MemMang/heap_4.o
 .debug_rnglists
                0x00000475       0x26 ./Drivers/HAL/Src/LED_program.o
 .debug_rnglists
                0x0000049b       0x21 ./Drivers/HAL/Src/SSD_program.o
 .debug_rnglists
                0x000004bc       0xaf ./Drivers/STM32F4xx_HAL_Driver/Src/stm32f4xx_hal.o
 .debug_rnglists
                0x0000056b       0xe0 ./Drivers/STM32F4xx_HAL_Driver/Src/stm32f4xx_hal_cortex.o
 .debug_rnglists
                0x0000064b       0x3f ./Drivers/STM32F4xx_HAL_Driver/Src/stm32f4xx_hal_gpio.o
 .debug_rnglists
                0x0000068a       0x66 ./Drivers/STM32F4xx_HAL_Driver/Src/stm32f4xx_hal_rcc.o
 .debug_rnglists
                0x000006f0      0x31a ./Drivers/STM32F4xx_HAL_Driver/Src/stm32f4xx_hal_tim.o
 .debug_rnglists
                0x00000a0a      0x125 ./Drivers/STM32F4xx_HAL_Driver/Src/stm32f4xx_hal_tim_ex.o

.debug_macro    0x00000000    0x16b86
 .debug_macro   0x00000000      0x27d ./Core/Src/main.o
 .debug_macro   0x0000027d      0xab4 ./Core/Src/main.o
 .debug_macro   0x00000d31      0x295 ./Core/Src/main.o
 .debug_macro   0x00000fc6       0x2e ./Core/Src/main.o
 .debug_macro   0x00000ff4       0x28 ./Core/Src/main.o
 .debug_macro   0x0000101c       0x22 ./Core/Src/main.o
 .debug_macro   0x0000103e       0x8e ./Core/Src/main.o
 .debug_macro   0x000010cc       0x51 ./Core/Src/main.o
 .debug_macro   0x0000111d      0x103 ./Core/Src/main.o
 .debug_macro   0x00001220       0x6a ./Core/Src/main.o
 .debug_macro   0x0000128a      0x1df ./Core/Src/main.o
 .debug_macro   0x00001469       0x1c ./Core/Src/main.o
 .debug_macro   0x00001485       0x22 ./Core/Src/main.o
 .debug_macro   0x000014a7       0xfb ./Core/Src/main.o
 .debug_macro   0x000015a2     0x1011 ./Core/Src/main.o
 .debug_macro   0x000025b3      0x11f ./Core/Src/main.o
 .debug_macro   0x000026d2     0xb86c ./Core/Src/main.o
 .debug_macro   0x0000df3e       0x6d ./Core/Src/main.o
 .debug_macro   0x0000dfab     0x369a ./Core/Src/main.o
 .debug_macro   0x00011645      0x189 ./Core/Src/main.o
 .debug_macro   0x000117ce       0x5c ./Core/Src/main.o
 .debug_macro   0x0001182a      0x416 ./Core/Src/main.o
 .debug_macro   0x00011c40      0x9e9 ./Core/Src/main.o
 .debug_macro   0x00012629      0x115 ./Core/Src/main.o
 .debug_macro   0x0001273e       0xf8 ./Core/Src/main.o
 .debug_macro   0x00012836       0xa5 ./Core/Src/main.o
 .debug_macro   0x000128db      0x15f ./Core/Src/main.o
 .debug_macro   0x00012a3a      0x287 ./Core/Src/main.o
 .debug_macro   0x00012cc1       0x5f ./Core/Src/main.o
 .debug_macro   0x00012d20      0x236 ./Core/Src/main.o
 .debug_macro   0x00012f56      0x132 ./Core/Src/main.o
 .debug_macro   0x00013088      0x23a ./Core/Src/main.o
 .debug_macro   0x000132c2       0x2e ./Core/Src/main.o
 .debug_macro   0x000132f0      0x127 ./Core/Src/main.o
 .debug_macro   0x00013417       0x85 ./Core/Src/main.o
 .debug_macro   0x0001349c       0x89 ./Core/Src/main.o
 .debug_macro   0x00013525      0x8ed ./Core/Src/main.o
 .debug_macro   0x00013e12       0x47 ./Core/Src/main.o
 .debug_macro   0x00013e59      0x126 ./Core/Src/main.o
 .debug_macro   0x00013f7f       0x16 ./Core/Src/main.o
 .debug_macro   0x00013f95       0x16 ./Core/Src/main.o
 .debug_macro   0x00013fab      0x11c ./Core/Src/main.o
 .debug_macro   0x000140c7      0x168 ./Core/Src/main.o
 .debug_macro   0x0001422f       0xeb ./Core/Src/main.o
 .debug_macro   0x0001431a       0x10 ./Core/Src/main.o
 .debug_macro   0x0001432a       0x1f ./Core/Src/main.o
 .debug_macro   0x00014349      0x3de ./Core/Src/main.o
 .debug_macro   0x00014727       0xc0 ./Core/Src/main.o
 .debug_macro   0x000147e7       0x8c ./Core/Src/main.o
 .debug_macro   0x00014873      0x1ce ./Core/Src/stm32f4xx_hal_msp.o
 .debug_macro   0x00014a41      0x1c4 ./Core/Src/stm32f4xx_hal_timebase_tim.o
 .debug_macro   0x00014c05      0x1d8 ./Core/Src/stm32f4xx_it.o
 .debug_macro   0x00014ddd      0x1c4 ./Core/Src/system_stm32f4xx.o
 .debug_macro   0x00014fa1      0x198 ./Drivers/FreeRTOS/list.o
 .debug_macro   0x00015139      0x223 ./Drivers/FreeRTOS/queue.o
 .debug_macro   0x0001535c       0x16 ./Drivers/FreeRTOS/queue.o
 .debug_macro   0x00015372       0x20 ./Drivers/FreeRTOS/queue.o
 .debug_macro   0x00015392       0x94 ./Drivers/FreeRTOS/queue.o
 .debug_macro   0x00015426      0x286 ./Drivers/FreeRTOS/tasks.o
 .debug_macro   0x000156ac       0x11 ./Drivers/FreeRTOS/tasks.o
 .debug_macro   0x000156bd      0x1d5 ./Drivers/FreeRTOS/timers.o
 .debug_macro   0x00015892      0x1ae ./Drivers/FreeRTOS/portable/GCC/ARM_CM4F/port.o
 .debug_macro   0x00015a40      0x1bf ./Drivers/FreeRTOS/portable/MemMang/heap_4.o
 .debug_macro   0x00015bff      0x1d7 ./Drivers/HAL/Src/LED_program.o
 .debug_macro   0x00015dd6      0x1e9 ./Drivers/HAL/Src/SSD_program.o
 .debug_macro   0x00015fbf       0x52 ./Drivers/HAL/Src/SSD_program.o
 .debug_macro   0x00016011       0x52 ./Drivers/HAL/Src/SSD_program.o
 .debug_macro   0x00016063      0x224 ./Drivers/STM32F4xx_HAL_Driver/Src/stm32f4xx_hal.o
 .debug_macro   0x00016287      0x1c4 ./Drivers/STM32F4xx_HAL_Driver/Src/stm32f4xx_hal_cortex.o
 .debug_macro   0x0001644b      0x1ca ./Drivers/STM32F4xx_HAL_Driver/Src/stm32f4xx_hal_gpio.o
 .debug_macro   0x00016615      0x1e8 ./Drivers/STM32F4xx_HAL_Driver/Src/stm32f4xx_hal_rcc.o
 .debug_macro   0x000167fd      0x1c5 ./Drivers/STM32F4xx_HAL_Driver/Src/stm32f4xx_hal_tim.o
 .debug_macro   0x000169c2      0x1c4 ./Drivers/STM32F4xx_HAL_Driver/Src/stm32f4xx_hal_tim_ex.o

.debug_line     0x00000000    0x11074
 .debug_line    0x00000000      0xa3f ./Core/Src/main.o
 .debug_line    0x00000a3f      0x737 ./Core/Src/stm32f4xx_hal_msp.o
 .debug_line    0x00001176      0x7b2 ./Core/Src/stm32f4xx_hal_timebase_tim.o
 .debug_line    0x00001928      0x7d3 ./Core/Src/stm32f4xx_it.o
 .debug_line    0x000020fb      0x7bb ./Core/Src/system_stm32f4xx.o
 .debug_line    0x000028b6       0x7a ./Core/Startup/startup_stm32f401rctx.o
 .debug_line    0x00002930      0x816 ./Drivers/FreeRTOS/list.o
 .debug_line    0x00003146     0x13ae ./Drivers/FreeRTOS/queue.o
 .debug_line    0x000044f4     0x1bc1 ./Drivers/FreeRTOS/tasks.o
 .debug_line    0x000060b5      0xc75 ./Drivers/FreeRTOS/timers.o
 .debug_line    0x00006d2a      0x8c3 ./Drivers/FreeRTOS/portable/GCC/ARM_CM4F/port.o
 .debug_line    0x000075ed      0x9d9 ./Drivers/FreeRTOS/portable/MemMang/heap_4.o
 .debug_line    0x00007fc6      0x82f ./Drivers/HAL/Src/LED_program.o
 .debug_line    0x000087f5      0x8cd ./Drivers/HAL/Src/SSD_program.o
 .debug_line    0x000090c2      0xa24 ./Drivers/STM32F4xx_HAL_Driver/Src/stm32f4xx_hal.o
 .debug_line    0x00009ae6      0xd16 ./Drivers/STM32F4xx_HAL_Driver/Src/stm32f4xx_hal_cortex.o
 .debug_line    0x0000a7fc      0xb74 ./Drivers/STM32F4xx_HAL_Driver/Src/stm32f4xx_hal_gpio.o
 .debug_line    0x0000b370      0xdad ./Drivers/STM32F4xx_HAL_Driver/Src/stm32f4xx_hal_rcc.o
 .debug_line    0x0000c11d     0x35a2 ./Drivers/STM32F4xx_HAL_Driver/Src/stm32f4xx_hal_tim.o
 .debug_line    0x0000f6bf     0x19b5 ./Drivers/STM32F4xx_HAL_Driver/Src/stm32f4xx_hal_tim_ex.o

.debug_str      0x00000000    0x918bd
 .debug_str     0x00000000    0x881ef ./Core/Src/main.o
                              0x8855e (size before relaxing)
 .debug_str     0x000881ef       0x2c ./Core/Src/stm32f4xx_hal_msp.o
                              0x845dc (size before relaxing)
 .debug_str     0x0008821b      0x4bb ./Core/Src/stm32f4xx_hal_timebase_tim.o
                              0x85021 (size before relaxing)
 .debug_str     0x000886d6       0xb5 ./Core/Src/stm32f4xx_it.o
                              0x84a77 (size before relaxing)
 .debug_str     0x0008878b       0xdb ./Core/Src/system_stm32f4xx.o
                              0x8468c (size before relaxing)
 .debug_str     0x00088866       0x44 ./Core/Startup/startup_stm32f401rctx.o
                                 0x93 (size before relaxing)
 .debug_str     0x000888aa     0x32f0 ./Drivers/FreeRTOS/list.o
                               0xa405 (size before relaxing)
 .debug_str     0x0008bb9a     0x121d ./Drivers/FreeRTOS/queue.o
                               0xbbda (size before relaxing)
 .debug_str     0x0008cdb7     0x19d9 ./Drivers/FreeRTOS/tasks.o
                               0xc788 (size before relaxing)
 .debug_str     0x0008e790      0x407 ./Drivers/FreeRTOS/timers.o
                               0xbf94 (size before relaxing)
 .debug_str     0x0008eb97      0x765 ./Drivers/FreeRTOS/portable/GCC/ARM_CM4F/port.o
                               0x7f5e (size before relaxing)
 .debug_str     0x0008f2fc      0x223 ./Drivers/FreeRTOS/portable/MemMang/heap_4.o
                               0xab50 (size before relaxing)
 .debug_str     0x0008f51f       0xeb ./Drivers/HAL/Src/LED_program.o
                              0x84760 (size before relaxing)
 .debug_str     0x0008f60a      0x2e3 ./Drivers/HAL/Src/SSD_program.o
                              0x849d3 (size before relaxing)
 .debug_str     0x0008f8ed      0x5c9 ./Drivers/STM32F4xx_HAL_Driver/Src/stm32f4xx_hal.o
                              0x850ae (size before relaxing)
 .debug_str     0x0008feb6      0x37f ./Drivers/STM32F4xx_HAL_Driver/Src/stm32f4xx_hal_cortex.o
                              0x84e18 (size before relaxing)
 .debug_str     0x00090235      0x10f ./Drivers/STM32F4xx_HAL_Driver/Src/stm32f4xx_hal_gpio.o
                              0x84807 (size before relaxing)
 .debug_str     0x00090344      0x1fd ./Drivers/STM32F4xx_HAL_Driver/Src/stm32f4xx_hal_rcc.o
                              0x84ac0 (size before relaxing)
 .debug_str     0x00090541      0xe79 ./Drivers/STM32F4xx_HAL_Driver/Src/stm32f4xx_hal_tim.o
                              0x85a04 (size before relaxing)
 .debug_str     0x000913ba      0x503 ./Drivers/STM32F4xx_HAL_Driver/Src/stm32f4xx_hal_tim_ex.o
                              0x85210 (size before relaxing)

.comment        0x00000000       0x43
 .comment       0x00000000       0x43 ./Core/Src/main.o
                                 0x44 (size before relaxing)
 .comment       0x00000043       0x44 ./Core/Src/stm32f4xx_hal_msp.o
 .comment       0x00000043       0x44 ./Core/Src/stm32f4xx_hal_timebase_tim.o
 .comment       0x00000043       0x44 ./Core/Src/stm32f4xx_it.o
 .comment       0x00000043       0x44 ./Core/Src/system_stm32f4xx.o
 .comment       0x00000043       0x44 ./Drivers/FreeRTOS/list.o
 .comment       0x00000043       0x44 ./Drivers/FreeRTOS/queue.o
 .comment       0x00000043       0x44 ./Drivers/FreeRTOS/tasks.o
 .comment       0x00000043       0x44 ./Drivers/FreeRTOS/timers.o
 .comment       0x00000043       0x44 ./Drivers/FreeRTOS/portable/GCC/ARM_CM4F/port.o
 .comment       0x00000043       0x44 ./Drivers/FreeRTOS/portable/MemMang/heap_4.o
 .comment       0x00000043       0x44 ./Drivers/HAL/Src/LED_program.o
 .comment       0x00000043       0x44 ./Drivers/HAL/Src/SSD_program.o
 .comment       0x00000043       0x44 ./Drivers/STM32F4xx_HAL_Driver/Src/stm32f4xx_hal.o
 .comment       0x00000043       0x44 ./Drivers/STM32F4xx_HAL_Driver/Src/stm32f4xx_hal_cortex.o
 .comment       0x00000043       0x44 ./Drivers/STM32F4xx_HAL_Driver/Src/stm32f4xx_hal_gpio.o
 .comment       0x00000043       0x44 ./Drivers/STM32F4xx_HAL_Driver/Src/stm32f4xx_hal_rcc.o
 .comment       0x00000043       0x44 ./Drivers/STM32F4xx_HAL_Driver/Src/stm32f4xx_hal_tim.o
 .comment       0x00000043       0x44 ./Drivers/STM32F4xx_HAL_Driver/Src/stm32f4xx_hal_tim_ex.o

.debug_frame    0x00000000     0x3b90
 .debug_frame   0x00000000       0xf0 ./Core/Src/main.o
 .debug_frame   0x000000f0       0x38 ./Core/Src/stm32f4xx_hal_msp.o
 .debug_frame   0x00000128       0x74 ./Core/Src/stm32f4xx_hal_timebase_tim.o
 .debug_frame   0x0000019c       0xc4 ./Core/Src/stm32f4xx_it.o
 .debug_frame   0x00000260       0x58 ./Core/Src/system_stm32f4xx.o
 .debug_frame   0x000002b8       0xd8 ./Drivers/FreeRTOS/list.o
 .debug_frame   0x00000390      0x4c0 ./Drivers/FreeRTOS/queue.o
 .debug_frame   0x00000850      0x80c ./Drivers/FreeRTOS/tasks.o
 .debug_frame   0x0000105c      0x2f0 ./Drivers/FreeRTOS/timers.o
 .debug_frame   0x0000134c      0x19c ./Drivers/FreeRTOS/portable/GCC/ARM_CM4F/port.o
 .debug_frame   0x000014e8      0x108 ./Drivers/FreeRTOS/portable/MemMang/heap_4.o
 .debug_frame   0x000015f0       0xa0 ./Drivers/HAL/Src/LED_program.o
 .debug_frame   0x00001690       0x80 ./Drivers/HAL/Src/SSD_program.o
 .debug_frame   0x00001710      0x374 ./Drivers/STM32F4xx_HAL_Driver/Src/stm32f4xx_hal.o
 .debug_frame   0x00001a84      0x508 ./Drivers/STM32F4xx_HAL_Driver/Src/stm32f4xx_hal_cortex.o
 .debug_frame   0x00001f8c      0x14c ./Drivers/STM32F4xx_HAL_Driver/Src/stm32f4xx_hal_gpio.o
 .debug_frame   0x000020d8      0x1f4 ./Drivers/STM32F4xx_HAL_Driver/Src/stm32f4xx_hal_rcc.o
 .debug_frame   0x000022cc     0x11b8 ./Drivers/STM32F4xx_HAL_Driver/Src/stm32f4xx_hal_tim.o
 .debug_frame   0x00003484      0x638 ./Drivers/STM32F4xx_HAL_Driver/Src/stm32f4xx_hal_tim_ex.o
 .debug_frame   0x00003abc       0x20 C:/ST/STM32CubeIDE_1.16.1/STM32CubeIDE/plugins/com.st.stm32cube.ide.mcu.externaltools.gnu-tools-for-stm32.12.3.rel1.win32_1.0.200.202406191623/tools/bin/../lib/gcc/arm-none-eabi/12.3.1/../../../../arm-none-eabi/lib/thumb/v7e-m+fp/hard\libc_nano.a(libc_a-memset.o)
 .debug_frame   0x00003adc       0x2c C:/ST/STM32CubeIDE_1.16.1/STM32CubeIDE/plugins/com.st.stm32cube.ide.mcu.externaltools.gnu-tools-for-stm32.12.3.rel1.win32_1.0.200.202406191623/tools/bin/../lib/gcc/arm-none-eabi/12.3.1/../../../../arm-none-eabi/lib/thumb/v7e-m+fp/hard\libc_nano.a(libc_a-init.o)
 .debug_frame   0x00003b08       0x28 C:/ST/STM32CubeIDE_1.16.1/STM32CubeIDE/plugins/com.st.stm32cube.ide.mcu.externaltools.gnu-tools-for-stm32.12.3.rel1.win32_1.0.200.202406191623/tools/bin/../lib/gcc/arm-none-eabi/12.3.1/../../../../arm-none-eabi/lib/thumb/v7e-m+fp/hard\libc_nano.a(libc_a-memcpy-stub.o)
 .debug_frame   0x00003b30       0x2c C:/ST/STM32CubeIDE_1.16.1/STM32CubeIDE/plugins/com.st.stm32cube.ide.mcu.externaltools.gnu-tools-for-stm32.12.3.rel1.win32_1.0.200.202406191623/tools/bin/../lib/gcc/arm-none-eabi/12.3.1/thumb/v7e-m+fp/hard\libgcc.a(_aeabi_uldivmod.o)
 .debug_frame   0x00003b5c       0x34 C:/ST/STM32CubeIDE_1.16.1/STM32CubeIDE/plugins/com.st.stm32cube.ide.mcu.externaltools.gnu-tools-for-stm32.12.3.rel1.win32_1.0.200.202406191623/tools/bin/../lib/gcc/arm-none-eabi/12.3.1/thumb/v7e-m+fp/hard\libgcc.a(_udivmoddi4.o)

.debug_line_str
                0x00000000       0x77
 .debug_line_str
                0x00000000       0x77 ./Core/Startup/startup_stm32f401rctx.o
